../Drivers/CMSIS/Include/core_cm4.h:1939:34:__NVIC_SystemReset	1
../Core/Src/main.c:104:6:WaitForConnection	3
../Core/Src/main.c:126:5:main	1
../Core/Src/main.c:191:6:SystemClock_Config	4
../Core/Src/main.c:241:13:MX_DAC1_Init	4
../Core/Src/main.c:287:13:MX_SPI2_Init	2
../Core/Src/main.c:327:13:MX_TIM2_Init	4
../Core/Src/main.c:372:13:MX_TIM3_Init	4
../Core/Src/main.c:417:13:MX_USART2_UART_Init	2
../Core/Src/main.c:452:13:MX_GPIO_Init	1
../Core/Src/main.c:495:10:get_sine_value	1
../Core/Src/main.c:507:10:get_sawtooth_value	1
../Core/Src/main.c:514:10:get_triangular_value	4
../Core/Src/main.c:541:10:get_square_value	2
../Core/Src/main.c:554:6:HAL_TIM_PeriodElapsedCallback	5
../Core/Src/main.c:579:6:parse_command	8
../Core/Src/main.c:629:6:HAL_UART_RxCpltCallback	4
../Core/Src/main.c:658:6:MCP41100_SetValue	5
../Core/Src/main.c:683:9:calculateValuePotentiometer	2
../Core/Src/main.c:709:6:Error_Handler	1
